// Jest Snapshot v1, https://goo.gl/fbAQLP

exports[`defaults 1`] = `
Array [
  "generator/__snapshots__/index.spec.ts.snap",
  "generator/index.spec.ts",
]
`;
